
> daily-prophet-gamified@0.1.0 build
> next build

▲ Next.js 16.1.1 (Turbopack)
- Environments: .env.local

  Creating an optimized production build ...
✓ Compiled successfully in 2.5s
  Running TypeScript ...
Failed to compile.

./app/workflow/[id]/page.tsx:83:29
Type error: Property 'delete' does not exist on type '{ create(input: CreateWorkflowInput): Promise<PostpackWorkflow>; getById(id: string): Promise<PostpackWorkflow | null>; ... 8 more ...; calcularProgresso(checklist: Record<...>, fase: FaseNumero): number; }'.

[0m [90m 81 |[39m       setUpdating([36mtrue[39m)[33m;[39m
 [90m 82 |[39m       setError([36mnull[39m)[33m;[39m
[31m[1m>[22m[39m[90m 83 |[39m       [36mawait[39m workflowService[33m.[39m[36mdelete[39m(workflow[33m.[39mid)[33m;[39m
 [90m    |[39m                             [31m[1m^[22m[39m
 [90m 84 |[39m       router[33m.[39mpush([32m'/workflow'[39m)[33m;[39m
 [90m 85 |[39m     } [36mcatch[39m (err) {
 [90m 86 |[39m       setError(err [36minstanceof[39m [33mError[39m [33m?[39m err[33m.[39mmessage [33m:[39m [32m'Erro'[39m)[33m;[39m[0m
Next.js build worker exited with code: 1 and signal: null
